To honour the JVM settings for this build a single-use Daemon process will be forked. For more on this, please refer to https://docs.gradle.org/9.0.0/userguide/gradle_daemon.html#sec:disabling_the_daemon in the Gradle documentation.
Daemon will be stopped at the end of the build 
> Task :AnkiDroid:checkKotlinGradlePluginConfigurationErrors SKIPPED
> Task :libanki:preBuild UP-TO-DATE
> Task :common:preBuild UP-TO-DATE
> Task :api:preBuild UP-TO-DATE
> Task :libanki:preDebugBuild UP-TO-DATE
> Task :common:preDebugBuild UP-TO-DATE
> Task :api:preDebugBuild UP-TO-DATE
> Task :api:writeDebugAarMetadata UP-TO-DATE
> Task :libanki:writeDebugAarMetadata UP-TO-DATE
> Task :common:writeDebugAarMetadata UP-TO-DATE
> Task :AnkiDroid:copyTestLibIntoAndroidTest UP-TO-DATE
> Task :AnkiDroid:installGitHook UP-TO-DATE
> Task :api:processDebugNavigationResources UP-TO-DATE
> Task :common:processDebugNavigationResources UP-TO-DATE
> Task :libanki:processDebugNavigationResources UP-TO-DATE
> Task :AnkiDroid:preBuild UP-TO-DATE
> Task :AnkiDroid:prePlayDebugBuild UP-TO-DATE
> Task :common:generateDebugResValues UP-TO-DATE
> Task :libanki:generateDebugResValues UP-TO-DATE
> Task :api:generateDebugResValues UP-TO-DATE
> Task :common:generateDebugResources UP-TO-DATE
> Task :api:generateDebugResources UP-TO-DATE
> Task :libanki:generateDebugResources UP-TO-DATE
> Task :api:packageDebugResources UP-TO-DATE
> Task :common:packageDebugResources UP-TO-DATE
> Task :libanki:packageDebugResources UP-TO-DATE
> Task :api:extractDeepLinksDebug UP-TO-DATE
> Task :libanki:extractDeepLinksDebug UP-TO-DATE
> Task :common:extractDeepLinksDebug UP-TO-DATE
> Task :libanki:processDebugManifest UP-TO-DATE
> Task :api:processDebugManifest UP-TO-DATE
> Task :common:processDebugManifest UP-TO-DATE
> Task :libanki:compileDebugLibraryResources UP-TO-DATE
> Task :common:compileDebugLibraryResources UP-TO-DATE
> Task :api:compileDebugLibraryResources UP-TO-DATE
> Task :common:parseDebugLocalResources UP-TO-DATE
> Task :libanki:parseDebugLocalResources UP-TO-DATE
> Task :api:parseDebugLocalResources UP-TO-DATE
> Task :libanki:generateDebugRFile UP-TO-DATE
> Task :common:generateDebugRFile UP-TO-DATE
> Task :api:generateDebugRFile UP-TO-DATE
> Task :libanki:checkKotlinGradlePluginConfigurationErrors SKIPPED
> Task :common:checkKotlinGradlePluginConfigurationErrors SKIPPED
> Task :api:checkKotlinGradlePluginConfigurationErrors SKIPPED
> Task :libanki:javaPreCompileDebug UP-TO-DATE
> Task :api:generateDebugBuildConfig UP-TO-DATE
> Task :api:compileDebugKotlin UP-TO-DATE
> Task :api:javaPreCompileDebug UP-TO-DATE
> Task :api:compileDebugJavaWithJavac UP-TO-DATE
> Task :api:bundleLibCompileToJarDebug UP-TO-DATE
> Task :common:compileDebugKotlin UP-TO-DATE
> Task :common:javaPreCompileDebug UP-TO-DATE
> Task :common:compileDebugJavaWithJavac NO-SOURCE
> Task :common:bundleLibCompileToJarDebug UP-TO-DATE
> Task :libanki:compileDebugKotlin UP-TO-DATE
> Task :libanki:compileDebugJavaWithJavac NO-SOURCE
> Task :libanki:bundleLibCompileToJarDebug UP-TO-DATE
> Task :AnkiDroid:compilePlayDebugAidl UP-TO-DATE
> Task :AnkiDroid:generatePlayDebugBuildConfig
> Task :AnkiDroid:checkPlayDebugAarMetadata UP-TO-DATE
> Task :AnkiDroid:processPlayDebugNavigationResources UP-TO-DATE
> Task :AnkiDroid:compilePlayDebugNavigationResources UP-TO-DATE
> Task :AnkiDroid:generatePlayDebugResValues UP-TO-DATE
> Task :AnkiDroid:mapPlayDebugSourceSetPaths UP-TO-DATE
> Task :AnkiDroid:generatePlayDebugResources UP-TO-DATE
> Task :AnkiDroid:mergePlayDebugResources UP-TO-DATE
> Task :AnkiDroid:packagePlayDebugResources UP-TO-DATE
> Task :AnkiDroid:parsePlayDebugLocalResources UP-TO-DATE
> Task :AnkiDroid:createPlayDebugCompatibleScreenManifests UP-TO-DATE
> Task :AnkiDroid:extractDeepLinksPlayDebug UP-TO-DATE
> Task :AnkiDroid:processPlayDebugMainManifest UP-TO-DATE
> Task :AnkiDroid:processPlayDebugManifest UP-TO-DATE
> Task :AnkiDroid:processPlayDebugManifestForPackage UP-TO-DATE
> Task :AnkiDroid:processPlayDebugResources UP-TO-DATE
> Task :AnkiDroid:compilePlayDebugKotlin
./gradlew : e: 
warnings found and 
-Werror specified
At line:1 char:1
+ ./gradlew :AnkiDroid
:compilePlayDebugKotli
n --no-daemon 2>&1 | 
Out-Fi ...
+ ~~~~~~~~~~~~~~~~~~~~
~~~~~~~~~~~~~~~~~~~~~~
~~~~~~~~~~~~~~~~~~
    + CategoryInfo    
          : NotSpeci  
  fied: (e: warning   
 s found and -Werr    
or specified:Stri    
ng) [], RemoteExc    
eption
    + FullyQualifiedE 
   rrorId : NativeCo  
  mmandError
 
w: file:///E:/AndroidS
tudioProjects/Anki-And
roid/AnkiDroid/src/mai
n/java/com/ichi2/anki/
Reviewer.kt:516:21 
'var whiteboard: 
Whiteboard?' is 
deprecated. Use 
whiteboardViewModel 
instead.
w: file:///E:/AndroidS
tudioProjects/Anki-And
roid/AnkiDroid/src/mai
n/java/com/ichi2/anki/
Reviewer.kt:519:29 
'var whiteboard: 
Whiteboard?' is 
deprecated. Use 
whiteboardViewModel 
instead.
w: file:///E:/AndroidS
tudioProjects/Anki-And
roid/AnkiDroid/src/mai
n/java/com/ichi2/anki/
Reviewer.kt:844:64 
'var whiteboard: 
Whiteboard?' is 
deprecated. Use 
whiteboardViewModel 
instead.
w: file:///E:/AndroidS
tudioProjects/Anki-And
roid/AnkiDroid/src/mai
n/java/com/ichi2/anki/
Reviewer.kt:1088:54 
'var whiteboard: 
Whiteboard?' is 
deprecated. Use 
whiteboardViewModel 
instead.
w: file:///E:/AndroidS
tudioProjects/Anki-And
roid/AnkiDroid/src/mai
n/java/com/ichi2/anki/
Reviewer.kt:1089:13 
'var whiteboard: 
Whiteboard?' is 
deprecated. Use 
whiteboardViewModel 
instead.
w: file:///E:/AndroidS
tudioProjects/Anki-And
roid/AnkiDroid/src/mai
n/java/com/ichi2/anki/
Reviewer.kt:1376:31 
'var whiteboard: 
Whiteboard?' is 
deprecated. Use 
whiteboardViewModel 
instead.
w: file:///E:/AndroidS
tudioProjects/Anki-And
roid/AnkiDroid/src/mai
n/java/com/ichi2/anki/
Reviewer.kt:1377:13 
'var whiteboard: 
Whiteboard?' is 
deprecated. Use 
whiteboardViewModel 
instead.

> Task :AnkiDroid:compilePlayDebugKotlin FAILED

[Incubating] Problems report is available at: file:///E:/AndroidStudioProjects/Anki-Android/build/reports/problems/problems-report.html

FAILURE: Build failed 
with an exception.

* What went wrong:
Execution failed for 
task ':AnkiDroid:compi
lePlayDebugKotlin'.
> A failure occurred 
while executing org.je
tbrains.kotlin.compile
rRunner.GradleCompiler
RunnerWithWorkers$Grad
leKotlinCompilerWorkAc
tion
   > Compilation 
error. See log for 
more details

* Try:
> Run with 
--stacktrace option 
to get the stack 
trace.
> Run with --info or 
--debug option to get 
more log output.
> Run with --scan to 
generate a Build Scan 
(Powered by 
Develocity).
> Get more help at htt
ps://help.gradle.org.

Deprecated Gradle features were used in this build, making it incompatible with Gradle 10.

You can use '--warning-mode all' to show the individual deprecation warnings and determine if they come from your own scripts or plugins.

For more on this, please refer to https://docs.gradle.org/9.0.0/userguide/command_line_interface.html#sec:command_line_warnings in the Gradle documentation.

BUILD FAILED in 55s
61 actionable tasks: 2 executed, 59 up-to-date
